// Jest Snapshot v1, https://goo.gl/fbAQLP

exports[`renders a NotecardModal using Snapshots 1`] = `null`;
